security_task_getioprio
security_inode_mknod
security_task_getscheduler
security_binder_transaction
security_inode_setattr
security_inode_readlink
security_inode_getsecurity
security_socket_recvmsg
security_sb_parse_opts_str
security_msg_queue_alloc
security_task_setpgid
security_task_kill
security_getprocattr
security_socket_connect
security_bprm_set_creds
security_path_chroot
security_file_ioctl
security_sb_alloc
security_socket_bind
security_file_fcntl
security_sock_rcv_skb
security_shm_shmctl
security_kernel_create_files_as
security_sb_umount
security_path_unlink
security_task_fix_setuid
security_vm_enough_memory_mm
security_sem_associate
security_file_send_sigiotask
security_sb_pivotroot
security_prepare_creds
security_quotactl
security_inode_rmdir
security_path_rename
security_inode_copy_up_xattr
security_socket_post_create
security_old_inode_init_security
security_task_movememory
security_audit_rule_match
security_key_alloc
security_socket_getpeersec_stream
security_inode_listxattr
security_inode_link
security_socket_getpeersec_dgram
security_sk_alloc
security_task_setrlimit
security_path_rmdir
security_ismaclabel
security_inode_rename
security_path_symlink
security_task_prctl
security_inode_getxattr
security_task_getsid
security_dentry_init_security
security_inode_removexattr
security_sb_mount
security_unix_may_send
security_sem_alloc
security_inode_killpriv
security_inode_init_security
security_msg_queue_associate
security_secid_to_secctx
security_inode_symlink
security_msg_msg_alloc
security_inode_create
security_inode_getsecctx
security_ipc_permission
security_setprocattr
security_file_open
security_path_link
security_key_permission
security_inode_listsecurity
security_capable
security_file_lock
security_task_setscheduler
security_socket_accept
security_inode_setsecctx
security_path_chmod
security_sb_show_options
security_task_create
security_capable_noaudit
security_file_permission
security_tun_dev_attach
security_inode_alloc
security_audit_rule_init
security_sb_remount
security_file_alloc
security_kernel_act_as
security_shm_alloc
security_capget
security_bprm_check
security_sb_copy_data
security_inode_setxattr
security_netlink_send
security_binder_transfer_binder
security_ptrace_access_check
__ptrace_may_access
security_kernel_read_file
security_path_mkdir
security_path_chown
security_syslog
security_secctx_to_secid
security_xfrm_state_pol_flow_match
security_shm_associate
security_quota_on
security_kernel_post_read_file
security_inode_getattr
security_tun_dev_create
security_inode_need_killpriv
security_file_mprotect
security_xfrm_state_alloc_acquire
security_sem_semctl
security_mmap_file
security_task_setioprio
security_xfrm_policy_lookup
security_binder_set_context_mgr
security_msg_queue_msgrcv
security_audit_rule_known
security_xfrm_state_alloc
security_mmap_addr
security_msg_queue_msgsnd
security_settime64
security_secmark_relabel_packet
security_xfrm_policy_alloc
security_tun_dev_attach_queue
security_inode_notifysecctx
security_task_setnice
security_tun_dev_alloc_security
security_xfrm_decode_session
security_socket_shutdown
security_path_mknod
security_xfrm_state_delete
security_key_getsecurity
security_file_receive
security_dentry_create_files_as
security_socket_setsockopt
security_msg_queue_msgctl
security_socket_getsockname
security_sem_semop
security_inet_conn_request
security_inode_unlink
security_cred_alloc_blank
security_task_wait
security_shm_shmat
security_tun_dev_open
security_task_getpgid
security_bprm_secureexec
security_xfrm_policy_delete
security_path_truncate
security_inode_mkdir
security_sb_statfs
security_kernel_module_request
security_socket_create
security_sb_kern_mount
security_xfrm_policy_clone
security_socket_sendmsg
security_inode_permission
security_sb_clone_mnt_opts
security_unix_stream_connect
security_inode_follow_link
security_socket_getpeername
security_sb_set_mnt_opts
security_socket_getsockopt
security_inode_setsecurity
security_socket_listen
security_inode_copy_up
security_binder_transfer_file
security_ptrace_traceme
security_capset